[bracketweb.com/ontech-html/index-boxed.html]
[backblue.gif]
[fade.gif]
[index.html]
[bracketweb.com/ontech-html/assets/images/favicons/apple-touch-icon.png]
[bracketweb.com/ontech-html/assets/images/favicons/favicon-32x32.png]
[bracketweb.com/ontech-html/assets/images/favicons/favicon-16x16.png]
[bracketweb.com/ontech-html/assets/images/favicons/site.webmanifest]
[bracketweb.com/ontech-html/assets/vendors/bootstrap/css/bootstrap.min.css]
[bracketweb.com/ontech-html/assets/vendors/animate/animate.min.css]
[bracketweb.com/ontech-html/assets/vendors/animate/custom-animate.css]
[bracketweb.com/ontech-html/assets/vendors/fontawesome/css/all.min.css]
[bracketweb.com/ontech-html/assets/vendors/jarallax/jarallax.css]
[bracketweb.com/ontech-html/assets/vendors/jquery-magnific-popup/jquery.magnific-popup.css]
[bracketweb.com/ontech-html/assets/vendors/nouislider/nouislider.min.css]
[bracketweb.com/ontech-html/assets/vendors/nouislider/nouislider.pips.css]
[bracketweb.com/ontech-html/assets/vendors/odometer/odometer.min.css]
[bracketweb.com/ontech-html/assets/vendors/swiper/swiper.min.css]
[bracketweb.com/ontech-html/assets/vendors/flaticon/style.css]
[bracketweb.com/ontech-html/assets/vendors/tiny-slider/tiny-slider.min.css]
[bracketweb.com/ontech-html/assets/vendors/reey-font/stylesheet.css]
[bracketweb.com/ontech-html/assets/vendors/owl-carousel/owl.carousel.min.css]
[bracketweb.com/ontech-html/assets/vendors/owl-carousel/owl.theme.default.min.css]
[bracketweb.com/ontech-html/assets/vendors/bxslider/jquery.bxslider.css]
[bracketweb.com/ontech-html/assets/vendors/bootstrap-select/css/bootstrap-select.min.css]
[bracketweb.com/ontech-html/assets/vendors/vegas/vegas.min.css]
[bracketweb.com/ontech-html/assets/vendors/jquery-ui/jquery-ui.css]
[bracketweb.com/ontech-html/assets/vendors/timepicker/timePicker.css]
[bracketweb.com/ontech-html/assets/vendors/polyglot-language-switcher/polyglot-language-switcher.css]
[bracketweb.com/ontech-html/contact.html]
[bracketweb.com/ontech-html/assets/css/ontech.css]
[bracketweb.com/ontech-html/index.html]
[bracketweb.com/ontech-html/assets/images/resources/logo-1.png]
[bracketweb.com/ontech-html/assets/images/home-showcase/home-1-4.png]
[bracketweb.com/ontech-html/index-4.html]
[bracketweb.com/ontech-html/assets/images/home-showcase/home-1-1.png]
[bracketweb.com/ontech-html/assets/images/home-showcase/home-1-2.png]
[bracketweb.com/ontech-html/index-2.html]
[bracketweb.com/ontech-html/assets/images/home-showcase/home-1-3.png]
[bracketweb.com/ontech-html/index-3.html]
[bracketweb.com/ontech-html/assets/images/home-showcase/home-boxed.png]
[bracketweb.com/ontech-html/assets/images/home-showcase/home-dark.png]
[bracketweb.com/ontech-html/index-dark.html]
[bracketweb.com/ontech-html/services.html]
[bracketweb.com/ontech-html/it-consultancy.html]
[bracketweb.com/ontech-html/digital-marketing.html]
[bracketweb.com/ontech-html/graphic-designing.html]
[bracketweb.com/ontech-html/data-structuring.html]
[bracketweb.com/ontech-html/web-development.html]
[bracketweb.com/ontech-html/seo-marketing.html]
[bracketweb.com/ontech-html/about.html]
[bracketweb.com/ontech-html/projects.html]
[bracketweb.com/ontech-html/projects-details.html]
[bracketweb.com/ontech-html/team.html]
[bracketweb.com/ontech-html/team-details.html]
[bracketweb.com/ontech-html/faq.html]
[bracketweb.com/ontech-html/gallery.html]
[bracketweb.com/ontech-html/pricing.html]
[bracketweb.com/ontech-html/shop.html]
[bracketweb.com/ontech-html/shop-details.html]
[bracketweb.com/ontech-html/cart.html]
[bracketweb.com/ontech-html/checkout.html]
[bracketweb.com/ontech-html/sign-up.html]
[bracketweb.com/ontech-html/sign-in.html]
[bracketweb.com/ontech-html/404.html]
[bracketweb.com/ontech-html/blog.html]
[bracketweb.com/ontech-html/blog-list.html]
[bracketweb.com/ontech-html/blog-details.html]
[bracketweb.com/ontech-html/assets/images/slider/slider-v1-img1.jpg]
[bracketweb.com/ontech-html/assets/images/shapes/slider-v1-shape1.png]
[bracketweb.com/ontech-html/assets/images/slider/slider-v1-img2.jpg]
[bracketweb.com/ontech-html/assets/images/slider/slider-v1-img3.jpg]
[bracketweb.com/ontech-html/assets/images/shapes/intro-v1-shape2.png]
[bracketweb.com/ontech-html/assets/images/resources/intro-v1-img1.jpg]
[bracketweb.com/ontech-html/assets/images/shapes/intro-v1-shape1.png]
[bracketweb.com/ontech-html/assets/images/resources/intro-v1-img2.jpg]
[bracketweb.com/ontech-html/assets/images/resources/intro-v1-img3.jpg]
[bracketweb.com/ontech-html/assets/images/shapes/about-v1-shape4.png]
[bracketweb.com/ontech-html/assets/images/shapes/about-v1-shape5.png]
[bracketweb.com/ontech-html/assets/images/shapes/sec-title-shape.png]
[bracketweb.com/ontech-html/assets/images/shapes/about-v1-shape1.png]
[bracketweb.com/ontech-html/assets/images/shapes/about-v1-shape2.png]
[bracketweb.com/ontech-html/assets/images/about/about-v1-img1.jpg]
[bracketweb.com/ontech-html/assets/images/shapes/about-v1-shape3.png]
[bracketweb.com/ontech-html/assets/images/about/about-v1-img2.jpg]
[bracketweb.com/ontech-html/assets/images/about/about-v1-img3.jpg]
[bracketweb.com/ontech-html/assets/images/shapes/services-v1-shape2.png]
[bracketweb.com/ontech-html/assets/images/shapes/services-v1-shape3.png]
[bracketweb.com/ontech-html/assets/images/shapes/services-v1-shape4.png]
[bracketweb.com/ontech-html/assets/images/shapes/services-v1-shape5.png]
[bracketweb.com/ontech-html/assets/images/shapes/services-v1-shape6.png]
[bracketweb.com/ontech-html/assets/images/shapes/services-v1-shape7.png]
[bracketweb.com/ontech-html/assets/images/shapes/services-v1-shape8.png]
[bracketweb.com/ontech-html/assets/images/shapes/services-v1-shape9.png]
[bracketweb.com/ontech-html/assets/images/shapes/services-v1-shape10.png]
[bracketweb.com/ontech-html/assets/images/shapes/services-v1-shape11.png]
[bracketweb.com/ontech-html/assets/images/shapes/services-v1-shape1.png]
[bracketweb.com/ontech-html/assets/images/shapes/video-v1-shape1.png]
[bracketweb.com/ontech-html/assets/images/shapes/video-v1-shape3.png]
[bracketweb.com/ontech-html/assets/images/backgrounds/video-v1-bg.jpg]
[bracketweb.com/ontech-html/assets/images/shapes/testimonial-v1-shape1.png]
[bracketweb.com/ontech-html/assets/images/testimonial/testimonial-v1-img1.jpg]
[bracketweb.com/ontech-html/assets/images/testimonial/testimonial-v1-img2.jpg]
[bracketweb.com/ontech-html/assets/images/shapes/projects-v1-shape5.png]
[bracketweb.com/ontech-html/assets/images/shapes/projects-v1-shape6.png]
[bracketweb.com/ontech-html/assets/images/project/projects-v1-img1.jpg]
[bracketweb.com/ontech-html/assets/images/shapes/projects-v1-shape1.png]
[bracketweb.com/ontech-html/assets/images/shapes/projects-v1-shape2.png]
[bracketweb.com/ontech-html/assets/images/shapes/projects-v1-shape3.png]
[bracketweb.com/ontech-html/assets/images/shapes/projects-v1-shape4.png]
[bracketweb.com/ontech-html/assets/images/project/projects-v1-img2.jpg]
[bracketweb.com/ontech-html/assets/images/project/projects-v1-img3.jpg]
[bracketweb.com/ontech-html/assets/images/backgrounds/cta-v1-bg.jpg]
[bracketweb.com/ontech-html/assets/images/backgrounds/counter-v1-bg.jpg]
[bracketweb.com/ontech-html/assets/images/shapes/counter-v1-shape1.png]
[bracketweb.com/ontech-html/assets/images/team/team-v1-img1.jpg]
[bracketweb.com/ontech-html/assets/images/team/team-v1-img2.jpg]
[bracketweb.com/ontech-html/assets/images/team/team-v1-img3.jpg]
[bracketweb.com/ontech-html/assets/images/backgrounds/blog-v1-bg.jpg]
[bracketweb.com/ontech-html/assets/images/blog/blog-v1-img1.jpg]
[bracketweb.com/ontech-html/assets/images/blog/blog-v1-img2.jpg]
[bracketweb.com/ontech-html/assets/images/blog/blog-v1-img3.jpg]
[bracketweb.com/ontech-html/assets/images/backgrounds/contact-info-v1-bg.jpg]
[bracketweb.com/ontech-html/assets/images/backgrounds/footer-bg.jpg]
[bracketweb.com/ontech-html/assets/images/shapes/footer-v1-shape1.png]
[bracketweb.com/ontech-html/assets/images/shapes/footer-v1-shape2.png]
[bracketweb.com/ontech-html/assets/images/shapes/footer-v1-shape3.png]
[bracketweb.com/ontech-html/assets/images/shapes/footer-v1-shape4.png]
[bracketweb.com/ontech-html/assets/images/resources/footer-logo.png]
[bracketweb.com/ontech-html/assets/images/resources/footer-v1-img1.jpg]
[bracketweb.com/ontech-html/assets/images/resources/footer-v1-img2.jpg]
[bracketweb.com/ontech-html/assets/vendors/jquery/jquery-3.6.0.min.js]
[bracketweb.com/ontech-html/assets/vendors/bootstrap/js/bootstrap.bundle.min.js]
[bracketweb.com/ontech-html/assets/vendors/jarallax/jarallax.min.js]
[bracketweb.com/ontech-html/assets/vendors/jquery-ajaxchimp/jquery.ajaxchimp.min.js]
[bracketweb.com/ontech-html/assets/vendors/jquery-appear/jquery.appear.min.js]
[bracketweb.com/ontech-html/assets/vendors/jquery-circle-progress/jquery.circle-progress.min.js]
[bracketweb.com/ontech-html/assets/vendors/jquery-magnific-popup/jquery.magnific-popup.min.js]
[bracketweb.com/ontech-html/assets/vendors/jquery-validate/jquery.validate.min.js]
[bracketweb.com/ontech-html/assets/vendors/nouislider/nouislider.min.js]
[bracketweb.com/ontech-html/assets/vendors/odometer/odometer.min.js]
[bracketweb.com/ontech-html/assets/vendors/swiper/swiper.min.js]
[bracketweb.com/ontech-html/assets/vendors/tiny-slider/tiny-slider.min.js]
[bracketweb.com/ontech-html/assets/vendors/wnumb/wNumb.min.js]
[bracketweb.com/ontech-html/assets/vendors/wow/wow.js]
[bracketweb.com/ontech-html/assets/vendors/isotope/isotope.js]
[bracketweb.com/ontech-html/assets/vendors/countdown/countdown.min.js]
[bracketweb.com/ontech-html/assets/vendors/owl-carousel/owl.carousel.min.js]
[bracketweb.com/ontech-html/assets/vendors/bxslider/jquery.bxslider.min.js]
[bracketweb.com/ontech-html/assets/vendors/bootstrap-select/js/bootstrap-select.min.js]
[bracketweb.com/ontech-html/assets/vendors/vegas/vegas.min.js]
[bracketweb.com/ontech-html/assets/vendors/timepicker/timePicker.js]
[bracketweb.com/ontech-html/assets/vendors/jquery-ui/jquery-ui.js]
[bracketweb.com/ontech-html/assets/vendors/circleType/jquery.circleType.js]
[bracketweb.com/ontech-html/assets/vendors/circleType/jquery.lettering.min.js]
[bracketweb.com/ontech-html/assets/vendors/polyglot-language-switcher/jquery.polyglot.language.switcher.js]
[bracketweb.com/ontech-html/assets/vendors/progress-bar/knob.js]
[bracketweb.com/ontech-html/index-boxed.html]
[bracketweb.com/ontech-html/assets/vendors/bootstrap/css/bootstrap.min.css]
[bracketweb.com/ontech-html/assets/js/ontech.js]
[bracketweb.com/ontech-html/assets/vendors/animate/animate.min.css]
[bracketweb.com/ontech-html/assets/vendors/animate/custom-animate.css]
[bracketweb.com/ontech-html/assets/vendors/fontawesome/webfonts/fa-brands-400.woff2]
[bracketweb.com/ontech-html/assets/vendors/fontawesome/webfonts/fa-brands-400.eot]
[bracketweb.com/ontech-html/assets/vendors/fontawesome/webfonts/fa-brands-400d41d.eot]
[bracketweb.com/ontech-html/assets/vendors/fontawesome/webfonts/fa-brands-400.woff]
[bracketweb.com/ontech-html/assets/vendors/fontawesome/webfonts/fa-brands-400.ttf]
[bracketweb.com/ontech-html/assets/vendors/fontawesome/webfonts/fa-regular-400.eot]
[bracketweb.com/ontech-html/assets/vendors/fontawesome/webfonts/fa-regular-400d41d.eot]
[bracketweb.com/ontech-html/assets/vendors/fontawesome/webfonts/fa-brands-400.svg]
[bracketweb.com/ontech-html/assets/vendors/fontawesome/webfonts/fa-regular-400.woff2]
[bracketweb.com/ontech-html/assets/vendors/fontawesome/webfonts/fa-regular-400.woff]
[bracketweb.com/ontech-html/assets/vendors/fontawesome/webfonts/fa-regular-400.ttf]
[bracketweb.com/ontech-html/assets/vendors/fontawesome/webfonts/fa-regular-400.svg]
[bracketweb.com/ontech-html/assets/vendors/fontawesome/webfonts/fa-solid-900.eot]
[bracketweb.com/ontech-html/assets/vendors/fontawesome/webfonts/fa-solid-900d41d.eot]
[bracketweb.com/ontech-html/assets/vendors/fontawesome/webfonts/fa-solid-900.woff2]
[bracketweb.com/ontech-html/assets/vendors/fontawesome/webfonts/fa-solid-900.woff]
[bracketweb.com/ontech-html/assets/vendors/fontawesome/webfonts/fa-solid-900.ttf]
[bracketweb.com/ontech-html/assets/vendors/fontawesome/css/all.min.css]
[bracketweb.com/ontech-html/assets/vendors/jarallax/jarallax.css]
[bracketweb.com/ontech-html/assets/vendors/jquery-magnific-popup/jquery.magnific-popup.css]
[bracketweb.com/ontech-html/assets/vendors/nouislider/nouislider.min.css]
[bracketweb.com/ontech-html/assets/vendors/nouislider/nouislider.pips.css]
[bracketweb.com/ontech-html/assets/vendors/odometer/odometer.min.css]
[bracketweb.com/ontech-html/assets/vendors/swiper/swiper.min.css]
[bracketweb.com/ontech-html/assets/vendors/fontawesome/webfonts/fa-solid-900.svg]
[bracketweb.com/ontech-html/assets/vendors/flaticon/fonts/icomoon8dc3.eot]
[bracketweb.com/ontech-html/assets/vendors/flaticon/fonts/icomoon8dc3.ttf]
[bracketweb.com/ontech-html/assets/vendors/flaticon/fonts/icomoon8dc3.woff]
[bracketweb.com/ontech-html/assets/vendors/flaticon/style.css]
[bracketweb.com/ontech-html/assets/vendors/tiny-slider/tiny-slider.min.css]
[bracketweb.com/ontech-html/assets/vendors/flaticon/fonts/icomoon8dc3.svg]
[bracketweb.com/ontech-html/assets/vendors/reey-font/reey-regular-webfont.woff2]
[bracketweb.com/ontech-html/assets/vendors/reey-font/reey-regular-webfont.woff]
[bracketweb.com/ontech-html/assets/vendors/reey-font/stylesheet.css]
[bracketweb.com/ontech-html/assets/vendors/owl-carousel/owl.carousel.min.css]
[bracketweb.com/ontech-html/assets/vendors/owl-carousel/owl.theme.default.min.css]
[bracketweb.com/ontech-html/assets/vendors/bxslider/jquery.bxslider.css]
[bracketweb.com/ontech-html/assets/vendors/bootstrap-select/css/bootstrap-select.min.css]
[bracketweb.com/ontech-html/assets/vendors/vegas/vegas.min.css]
[bracketweb.com/ontech-html/assets/vendors/jquery-ui/images/ui-bg_highlight-soft_75_cccccc_1x100.png]
[bracketweb.com/ontech-html/assets/vendors/jquery-ui/images/ui-bg_glass_75_e6e6e6_1x400.png]
[bracketweb.com/ontech-html/assets/vendors/jquery-ui/images/ui-bg_glass_75_dadada_1x400.png]
[bracketweb.com/ontech-html/assets/vendors/jquery-ui/images/ui-bg_glass_65_ffffff_1x400.png]
[bracketweb.com/ontech-html/assets/vendors/jquery-ui/images/ui-bg_glass_55_fbf9ee_1x400.png]
[bracketweb.com/ontech-html/assets/vendors/jquery-ui/images/ui-bg_glass_95_fef1ec_1x400.png]
[bracketweb.com/ontech-html/assets/vendors/jquery-ui/images/ui-icons_222222_256x240.png]
[bracketweb.com/ontech-html/assets/vendors/jquery-ui/images/ui-icons_888888_256x240.png]
[bracketweb.com/ontech-html/assets/vendors/jquery-ui/images/ui-icons_454545_256x240.png]
[bracketweb.com/ontech-html/assets/vendors/jquery-ui/images/ui-icons_2e83ff_256x240.png]
[bracketweb.com/ontech-html/assets/vendors/jquery-ui/images/ui-icons_cd0a0a_256x240.png]
[bracketweb.com/ontech-html/assets/vendors/jquery-ui/jquery-ui.css]
[bracketweb.com/ontech-html/assets/vendors/timepicker/timePicker.css]
[bracketweb.com/ontech-html/assets/vendors/polyglot-language-switcher/polyglot-language-switcher.css]
[bracketweb.com/ontech-html/assets/images/loader.png]
[bracketweb.com/ontech-html/assets/css/ontech.css]
[bracketweb.com/ontech-html/assets/images/backgrounds/page-header-bg.jpg]
[bracketweb.com/ontech-html/assets/images/backgrounds/page-header-gradient-bg.png]
[bracketweb.com/ontech-html/assets/images/shapes/page-header-shape1.png]
[bracketweb.com/ontech-html/assets/images/pattern/contact-page-pattern.jpg]
[bracketweb.com/ontech-html/contact.html]
[bracketweb.com/ontech-html/index.html]
[bracketweb.com/ontech-html/assets/vendors/ontech-icons-two/style.css]
[bracketweb.com/ontech-html/assets/images/resources/logo-4.png]
[bracketweb.com/ontech-html/assets/images/shapes/slider-v4-bg.jpg]
[bracketweb.com/ontech-html/assets/images/shapes/sliding-star.png]
[bracketweb.com/ontech-html/assets/images/shapes/slider-v4-shape-1.png]
[bracketweb.com/ontech-html/assets/images/shapes/slider-v4-shape-2.png]
[bracketweb.com/ontech-html/assets/images/shapes/slider-v4-shape-3.png]
[bracketweb.com/ontech-html/assets/images/slider/slider-v4-img1.jpg]
[bracketweb.com/ontech-html/assets/images/shapes/services-v4-shape1.png]
[bracketweb.com/ontech-html/assets/images/shapes/slider-v4-shape-4.png]
[bracketweb.com/ontech-html/assets/images/slider/reviewer-1.jpg]
[bracketweb.com/ontech-html/assets/images/slider/reviewer-2.jpg]
[bracketweb.com/ontech-html/assets/images/slider/reviewer-3.jpg]
[bracketweb.com/ontech-html/assets/images/slider/slider-v4-img2.jpg]
[bracketweb.com/ontech-html/assets/images/slider/slider-v4-img3.jpg]
[bracketweb.com/ontech-html/assets/images/resources/brand-1-1.png]
[bracketweb.com/ontech-html/assets/images/shapes/support-v1-shape4.png]
[bracketweb.com/ontech-html/assets/images/shapes/support-v1-shape1.png]
[bracketweb.com/ontech-html/assets/images/resources/support-v3-img1.jpg]
[bracketweb.com/ontech-html/assets/images/shapes/support-v3-shape1.png]
[bracketweb.com/ontech-html/assets/images/shapes/support-experiance.png]
[bracketweb.com/ontech-html/assets/images/shapes/support-experiance-shape-1.png]
[bracketweb.com/ontech-html/assets/images/shapes/support-experiance-shape-2.png]
[bracketweb.com/ontech-html/assets/images/shapes/work-process-v1-shape3.png]
[bracketweb.com/ontech-html/assets/images/shapes/service-bg-4.png]
[bracketweb.com/ontech-html/assets/images/about/about-v4-img1.jpg]
[bracketweb.com/ontech-html/assets/images/about/about-v4-img2.jpg]
[bracketweb.com/ontech-html/assets/images/shapes/about-v4-box-bg.png]
[bracketweb.com/ontech-html/assets/images/shapes/about-v3-shape1.png]
[bracketweb.com/ontech-html/assets/images/backgrounds/project-bg-4.jpg]
[bracketweb.com/ontech-html/assets/images/project/projects-v4-img1.jpg]
[bracketweb.com/ontech-html/assets/images/project/projects-v4-img2.jpg]
[bracketweb.com/ontech-html/assets/images/project/projects-v4-img3.jpg]
[bracketweb.com/ontech-html/assets/images/project/projects-v4-img4.jpg]
[bracketweb.com/ontech-html/assets/images/resources/video-bg-2.jpg]
[bracketweb.com/ontech-html/assets/images/shapes/testimonial-v4-shape1.png]
[bracketweb.com/ontech-html/assets/images/shapes/blog-four-bg.jpg]
[bracketweb.com/ontech-html/assets/images/shapes/blog-four-shape.png]
[bracketweb.com/ontech-html/assets/images/blog/blog-v4-img1.jpg]
[bracketweb.com/ontech-html/assets/images/blog/blog-v4-img2.jpg]
[bracketweb.com/ontech-html/assets/images/blog/blog-v4-img3.jpg]
[bracketweb.com/ontech-html/assets/images/shapes/footer-v2-shape1.png]
[bracketweb.com/ontech-html/assets/images/shapes/footer-v2-shape2.png]
[bracketweb.com/ontech-html/assets/images/shapes/footer-v2-shape3.png]
[bracketweb.com/ontech-html/assets/images/shapes/footer-v2-shape4.png]
[bracketweb.com/ontech-html/assets/images/resources/logo-5.png]
[bracketweb.com/ontech-html/assets/images/resources/footer-v2-img1.jpg]
[bracketweb.com/ontech-html/assets/images/resources/footer-v2-img2.jpg]
[bracketweb.com/ontech-html/index-4.html]
[bracketweb.com/ontech-html/assets/images/resources/logo-2.png]
[bracketweb.com/ontech-html/assets/images/slider/slider-v2-img1.jpg]
[bracketweb.com/ontech-html/assets/images/backgrounds/slider-v2-gradient-bg.png]
[bracketweb.com/ontech-html/assets/images/shapes/slider-v2-shape1.png]
[bracketweb.com/ontech-html/assets/images/slider/slider-v2-img2.jpg]
[bracketweb.com/ontech-html/assets/images/slider/slider-v2-img3.jpg]
[bracketweb.com/ontech-html/assets/images/shapes/about-v2-shape4.png]
[bracketweb.com/ontech-html/assets/images/shapes/about-v2-shape5.png]
[bracketweb.com/ontech-html/assets/images/shapes/about-v2-shape1.png]
[bracketweb.com/ontech-html/assets/images/shapes/about-v2-shape2.png]
[bracketweb.com/ontech-html/assets/images/about/about-v2-img1.jpg]
[bracketweb.com/ontech-html/assets/images/shapes/about-v2-shape3.png]
[bracketweb.com/ontech-html/assets/images/about/about-v2-img2.jpg]
[bracketweb.com/ontech-html/assets/images/shapes/intro-v1-shape3.png]
[bracketweb.com/ontech-html/assets/images/shapes/intro-v1-shape4.png]
[bracketweb.com/ontech-html/assets/images/project/projects-v2-img1.jpg]
[bracketweb.com/ontech-html/assets/images/project/projects-v2-img2.jpg]
[bracketweb.com/ontech-html/assets/images/project/projects-v2-img3.jpg]
[bracketweb.com/ontech-html/assets/images/shapes/services-v1-shape12.png]
[bracketweb.com/ontech-html/assets/images/backgrounds/counter-v2-bg.jpg]
[bracketweb.com/ontech-html/assets/images/backgrounds/counter-v2-gradient-bg.png]
[bracketweb.com/ontech-html/assets/images/shapes/sec-title-shape2.png]
[bracketweb.com/ontech-html/assets/images/shapes/counter-v1-shape2.png]
[bracketweb.com/ontech-html/assets/images/shapes/counter-v1-shape3.png]
[bracketweb.com/ontech-html/assets/images/resources/counter-v2-img1.jpg]
[bracketweb.com/ontech-html/assets/images/shapes/counter-v1-shape4.png]
[bracketweb.com/ontech-html/assets/images/shapes/counter-v1-shape5.png]
[bracketweb.com/ontech-html/assets/images/resources/counter-v2-img2.jpg]
[bracketweb.com/ontech-html/assets/images/testimonial/testimonial-v2-img1.jpg]
[bracketweb.com/ontech-html/assets/images/testimonial/testimonial-v2-img2.jpg]
[bracketweb.com/ontech-html/assets/images/testimonial/testimonial-v2-img3.jpg]
[bracketweb.com/ontech-html/assets/images/resources/support-v1-img1.jpg]
[bracketweb.com/ontech-html/assets/images/shapes/support-v1-shape2.png]
[bracketweb.com/ontech-html/assets/images/shapes/support-v1-shape3.png]
[bracketweb.com/ontech-html/assets/images/team/team-v1-img4.jpg]
[bracketweb.com/ontech-html/index-2.html]
[bracketweb.com/ontech-html/assets/images/shapes/header-v3-shape1.png]
[bracketweb.com/ontech-html/assets/images/resources/logo-3.png]
[bracketweb.com/ontech-html/assets/images/slider/slider-v3-img1.jpg]
[bracketweb.com/ontech-html/assets/images/shapes/slider-v3-shape2.png]
[bracketweb.com/ontech-html/assets/images/shapes/slider-v3-shape3.png]
[bracketweb.com/ontech-html/assets/images/shapes/slider-v3-shape4.png]
[bracketweb.com/ontech-html/assets/images/shapes/slider-v3-shape1.png]
[bracketweb.com/ontech-html/assets/images/shapes/about-v3-shape3.png]
[bracketweb.com/ontech-html/assets/images/shapes/about-v3-shape4.png]
[bracketweb.com/ontech-html/assets/images/about/about-v3-img1.jpg]
[bracketweb.com/ontech-html/assets/images/about/about-v3-img2.jpg]
[bracketweb.com/ontech-html/assets/images/shapes/about-v3-shape2.png]
[bracketweb.com/ontech-html/assets/images/resources/intro-v1-img4.jpg]
[bracketweb.com/ontech-html/assets/images/resources/intro-v1-img5.jpg]
[bracketweb.com/ontech-html/assets/images/resources/intro-v1-img6.jpg]
[bracketweb.com/ontech-html/assets/images/shapes/services-v3-shape1.png]
[bracketweb.com/ontech-html/assets/images/shapes/services-v3-shape2.png]
[bracketweb.com/ontech-html/assets/images/shapes/services-v3-shape3.png]
[bracketweb.com/ontech-html/assets/images/shapes/services-v3-shape4.png]
[bracketweb.com/ontech-html/assets/images/shapes/services-v3-shape5.png]
[bracketweb.com/ontech-html/assets/images/shapes/services-v3-shape6.png]
[bracketweb.com/ontech-html/assets/images/backgrounds/services-v3-bg.jpg]
[bracketweb.com/ontech-html/assets/images/resources/support-v2-img1.jpg]
[bracketweb.com/ontech-html/assets/images/shapes/work-process-v1-shape1.png]
[bracketweb.com/ontech-html/assets/images/shapes/work-process-v1-shape2.png]
[bracketweb.com/ontech-html/assets/images/pattern/blog-v3-pattern.jpg]
[bracketweb.com/ontech-html/assets/images/blog/blog-v3-img1.jpg]
[bracketweb.com/ontech-html/assets/images/blog/blog-v3-img2.jpg]
[bracketweb.com/ontech-html/assets/images/blog/blog-v3-img3.jpg]
[bracketweb.com/ontech-html/index-3.html]
[bracketweb.com/ontech-html/assets/css/ontech-dark.css]
[bracketweb.com/ontech-html/assets/images/shapes/intro-v1-shape2-dark.png]
[bracketweb.com/ontech-html/assets/images/shapes/about-v1-shape4-dark.png]
[bracketweb.com/ontech-html/assets/images/shapes/about-v1-shape5-dark.png]
[bracketweb.com/ontech-html/assets/images/backgrounds/video-v1-bg-dark.jpg]
[bracketweb.com/ontech-html/assets/images/backgrounds/testimonial-one-bg-dark.jpg]
[bracketweb.com/ontech-html/assets/images/backgrounds/blog-v1-bg-dark.jpg]
[bracketweb.com/ontech-html/index-dark.html]
[bracketweb.com/ontech-html/services.html]
[bracketweb.com/ontech-html/assets/images/shapes/sidebar-title-shape.png]
[bracketweb.com/ontech-html/assets/images/shapes/sidebar-shape1.png]
[bracketweb.com/ontech-html/assets/images/shapes/sidebar-shape2.png]
[bracketweb.com/ontech-html/assets/images/shapes/sidebar-shape3.png]
[bracketweb.com/ontech-html/assets/images/shapes/sidebar-shape4.png]
[bracketweb.com/ontech-html/assets/images/resources/sidebar-img1.jpg]
[bracketweb.com/ontech-html/assets/images/resources/sidebar-img2.jpg]
[bracketweb.com/ontech-html/assets/images/services/services-details-img1.jpg]
[bracketweb.com/ontech-html/assets/images/services/services-details-img2.jpg]
[bracketweb.com/ontech-html/it-consultancy.html]
[bracketweb.com/ontech-html/digital-marketing.html]
[bracketweb.com/ontech-html/graphic-designing.html]
[bracketweb.com/ontech-html/data-structuring.html]
[bracketweb.com/ontech-html/web-development.html]
[bracketweb.com/ontech-html/seo-marketing.html]
[bracketweb.com/ontech-html/about.html]
[bracketweb.com/ontech-html/assets/images/project/projects-v1-img4.jpg]
[bracketweb.com/ontech-html/assets/images/project/projects-v1-img5.jpg]
[bracketweb.com/ontech-html/assets/images/project/projects-v1-img6.jpg]
[bracketweb.com/ontech-html/projects.html]
[bracketweb.com/ontech-html/assets/images/project/projects-details-img1.jpg]
[bracketweb.com/ontech-html/assets/images/project/projects-details-img2.jpg]
[bracketweb.com/ontech-html/assets/images/backgrounds/projects-details-text4-bg.jpg]
[bracketweb.com/ontech-html/projects-details.html]
[bracketweb.com/ontech-html/assets/images/team/team-v1-img5.jpg]
[bracketweb.com/ontech-html/assets/images/team/team-v1-img6.jpg]
[bracketweb.com/ontech-html/assets/images/team/team-v1-img7.jpg]
[bracketweb.com/ontech-html/team.html]
[bracketweb.com/ontech-html/assets/images/team/team-details-img1.jpg]
[bracketweb.com/ontech-html/team-details.html]
[bracketweb.com/ontech-html/assets/images/pattern/faq-page-pattern.jpg]
[bracketweb.com/ontech-html/assets/images/resources/faq-page-img1.jpg]
[bracketweb.com/ontech-html/faq.html]
[bracketweb.com/ontech-html/assets/images/resources/gallery-v1-img1.jpg]
[bracketweb.com/ontech-html/assets/images/resources/gallery-v1-img2.jpg]
[bracketweb.com/ontech-html/assets/images/resources/gallery-v1-img3.jpg]
[bracketweb.com/ontech-html/assets/images/resources/gallery-v1-img4.jpg]
[bracketweb.com/ontech-html/assets/images/resources/gallery-v1-img5.jpg]
[bracketweb.com/ontech-html/assets/images/resources/gallery-v1-img6.jpg]
[bracketweb.com/ontech-html/gallery.html]
[bracketweb.com/ontech-html/assets/images/shapes/pricing-v1-shape1.png]
[bracketweb.com/ontech-html/assets/images/shapes/pricing-v1-shape2.png]
[bracketweb.com/ontech-html/pricing.html]
[bracketweb.com/ontech-html/assets/images/shop/shop-v1-img1.jpg]
[bracketweb.com/ontech-html/assets/images/shop/shop-v1-img2.jpg]
[bracketweb.com/ontech-html/assets/images/shop/shop-v1-img3.jpg]
[bracketweb.com/ontech-html/assets/images/shop/shop-v1-img4.jpg]
[bracketweb.com/ontech-html/assets/images/shop/shop-v1-img5.jpg]
[bracketweb.com/ontech-html/assets/images/shop/shop-v1-img6.jpg]
[bracketweb.com/ontech-html/assets/images/shop/shop-v1-img7.jpg]
[bracketweb.com/ontech-html/assets/images/shop/shop-v1-img8.jpg]
[bracketweb.com/ontech-html/assets/images/shop/shop-v1-img9.jpg]
[bracketweb.com/ontech-html/shop.html]
[bracketweb.com/ontech-html/assets/images/shop/shop-details-img1.jpg]
[bracketweb.com/ontech-html/assets/images/shop/shop-details-img2.jpg]
[bracketweb.com/ontech-html/assets/images/shop/shop-details-img3.jpg]
[bracketweb.com/ontech-html/assets/images/shop/shop-details-img4.jpg]
[bracketweb.com/ontech-html/assets/images/shop/shop-details-img5.jpg]
[bracketweb.com/ontech-html/assets/images/shop/shop-details-img6.jpg]
[bracketweb.com/ontech-html/assets/images/resources/review-img1.jpg]
[bracketweb.com/ontech-html/assets/images/resources/review-img2.jpg]
[bracketweb.com/ontech-html/assets/vendors/touch-spin/jquery.bootstrap-touchspin.js]
[bracketweb.com/ontech-html/shop-details.html]
[bracketweb.com/ontech-html/assets/images/shop/cart-page-img-1.jpg]
[bracketweb.com/ontech-html/cart.html]
[bracketweb.com/ontech-html/assets/images/shop/checkout-area-img1.jpg]
[bracketweb.com/ontech-html/checkout.html]
[bracketweb.com/ontech-html/assets/images/resources/signup-page-img1.jpg]
[bracketweb.com/ontech-html/sign-up.html]
[bracketweb.com/ontech-html/assets/images/resources/signin-page-img1.jpg]
[bracketweb.com/ontech-html/sign-in.html]
[bracketweb.com/ontech-html/assets/images/shapes/error-page-shape1.png]
[bracketweb.com/ontech-html/assets/images/pattern/error-pattern.jpg]
[bracketweb.com/ontech-html/404.html]
[bracketweb.com/ontech-html/assets/images/blog/blog-v1-img4.jpg]
[bracketweb.com/ontech-html/assets/images/blog/blog-v1-img5.jpg]
[bracketweb.com/ontech-html/assets/images/blog/blog-v1-img6.jpg]
[bracketweb.com/ontech-html/blog.html]
[bracketweb.com/ontech-html/assets/images/blog/blog-list-img1.jpg]
[bracketweb.com/ontech-html/assets/images/blog/blog-list-img2.jpg]
[bracketweb.com/ontech-html/assets/images/blog/blog-list-img3.jpg]
[bracketweb.com/ontech-html/assets/images/blog/blog-list-img4.jpg]
[bracketweb.com/ontech-html/assets/images/resources/sidebar-img3.jpg]
[bracketweb.com/ontech-html/assets/images/resources/sidebar-img4.jpg]
[bracketweb.com/ontech-html/blog-list.html]
[bracketweb.com/ontech-html/assets/images/blog/blog-details-img1.jpg]
[bracketweb.com/ontech-html/assets/images/blog/blog-details-img2.jpg]
[bracketweb.com/ontech-html/assets/images/blog/blog-details-img3.jpg]
[bracketweb.com/ontech-html/blog-details.html]
[bracketweb.com/ontech-html/assets/vendors/fontawesome/webfonts/fa-brands-400.svg]
[bracketweb.com/ontech-html/assets/vendors/fontawesome/webfonts/fa-regular-400.svg]
[bracketweb.com/ontech-html/assets/vendors/fontawesome/webfonts/fa-solid-900.svg]
[bracketweb.com/ontech-html/assets/vendors/flaticon/fonts/icomoon8dc3.svg]
[bracketweb.com/ontech-html/assets/vendors/owl-carousel/owl.video.play.html]
[bracketweb.com/ontech-html/assets/vendors/images/icon/bx_loader.html]
[bracketweb.com/ontech-html/assets/vendors/img/bx-slider/controls.html]
[bracketweb.com/ontech-html/assets/vendors/vegas/overlays/02.html]
[bracketweb.com/ontech-html/assets/vendors/timepicker/images/ui-icons_444444_256x240.html]
[bracketweb.com/ontech-html/assets/vendors/language-switcher/en.html]
[bracketweb.com/ontech-html/assets/vendors/language-switcher/fr.html]
[bracketweb.com/ontech-html/assets/vendors/language-switcher/de.html]
[bracketweb.com/ontech-html/assets/vendors/language-switcher/it.html]
[bracketweb.com/ontech-html/assets/vendors/language-switcher/es.html]
[bracketweb.com/ontech-html/assets/vendors/ontech-icons-two/fonts/ontech-icons-two7a1f.eot]
[bracketweb.com/ontech-html/assets/vendors/ontech-icons-two/fonts/ontech-icons-two7a1f.ttf]
[bracketweb.com/ontech-html/assets/vendors/ontech-icons-two/fonts/ontech-icons-two7a1f.woff]
[bracketweb.com/ontech-html/assets/vendors/ontech-icons-two/style.css]
[bracketweb.com/ontech-html/assets/css/ontech-dark.css]
[bracketweb.com/ontech-html/product-details.html]
[bracketweb.com/ontech-html/assets/vendors/ontech-icons-two/fonts/ontech-icons-two7a1f.svg]
[bracketweb.com/ontech-html/assets/vendors/ontech-icons-two/fonts/ontech-icons-two7a1f.svg]
